package p

import "non-grouped"

import (
	"grouped"
)

var single = "foo"

// verbose is verbose.
var verbose = "bar"

// This entire block has a comment.
var (
	groupComment = "bar"
)

var (
	multiple1 string
	multiple2 string
)

const (
	first = iota
)

var multiline = []string{
	"foo",
	"bar",
}

var foo = "foo"

// bar = "bar"
// baz = "baz"
-- f2.go --
package p

func _() {
	var (
		_ int
	)
}
-- f2.go.golden --
package p

func _() {
	var _ int
}
