package p

const (
// Comment
)

type (
// Comment
)

var (
// Comment
)

var _ = [][]int{{1}}
