a + b
==================
a + b*c
==================
a + +b
==================
(a + a) +

	a/
		(a + a / *a)