{ // x
	return x
}
==================
{
	return x // x
}
==================
{
	// x
}
==================
{ /*x
            */
}
==================
{ /*x
                    */
	// y
}