x = append(x, x...)
==================
x = append(x, x...)
==================
var x = f(x, x...,
)
