for k, v := range x {
	x
}
==================
for range x {
	x
}