func() { i := 1; j := 1 }
==================
func() {
	i := 1
}