{
	if f.ModulePath == "" {
		// Nothing to do.
	}
}