if x; x {
} else if x {
} else {
}
==================
if x; x {
	x := x
} else if x {
} else {
}