return x{
		x: x,
	},
	nil
==================
return x{
		x: x,
	},
	x{
		x: x,
	},
	nil