import (
	x "abs"
	"fmt"

	// xx

	// bdoc
	"b" // bline
	// adoc
	"a"         // aline
	c "c"       // c
	ddd "ddddd" // d
	/*x
*/
	"x"
)
==================
var (
	x = 1 /*
x*/
	y = 2
)
